// Jest Snapshot v1, https://goo.gl/fbAQLP

exports[`Calculator component Matches DOM Snapshot 1`] = `
<div
  className="cal-container"
>
  <span
    className="border-center"
    id="result"
  >
    0
  </span>
  <span
    className="border-center"
    id="ac"
    onClick={[Function]}
    onKeyDown={[Function]}
    role="button"
    tabIndex={0}
  >
    AC
  </span>
  <span
    className="border-center"
    id="plus-minus"
    onClick={[Function]}
    onKeyDown={[Function]}
    role="button"
    tabIndex={0}
  >
    +/-
  </span>
  <span
    className="border-center"
    id="mod"
    onClick={[Function]}
    onKeyDown={[Function]}
    role="button"
    tabIndex={0}
  >
    %
  </span>
  <span
    className="border-center"
    id="divide"
    onClick={[Function]}
    onKeyDown={[Function]}
    role="button"
    tabIndex={0}
  >
    รท
  </span>
  <span
    className="border-center"
    id="multi"
    onClick={[Function]}
    onKeyDown={[Function]}
    role="button"
    tabIndex={0}
  >
    x
  </span>
  <span
    className="border-center"
    id="plus"
    onClick={[Function]}
    onKeyDown={[Function]}
    role="button"
    tabIndex={0}
  >
    +
  </span>
  <span
    className="border-center"
    id="minus"
    onClick={[Function]}
    onKeyDown={[Function]}
    role="button"
    tabIndex={0}
  >
    -
  </span>
  <span
    className="border-center"
    id="equal"
    onClick={[Function]}
    onKeyDown={[Function]}
    role="button"
    tabIndex={0}
  >
    =
  </span>
  <span
    className="border-center"
    id="dot"
    onClick={[Function]}
    onKeyDown={[Function]}
    role="button"
    tabIndex={0}
  >
    .
  </span>
  <span
    className="border-center"
    id="zero"
    onClick={[Function]}
    onKeyDown={[Function]}
    role="button"
    tabIndex={0}
  >
    0
  </span>
  <span
    className="border-center"
    id="one"
    onClick={[Function]}
    onKeyDown={[Function]}
    role="button"
    tabIndex={0}
  >
    1
  </span>
  <span
    className="border-center"
    id="two"
    onClick={[Function]}
    onKeyDown={[Function]}
    role="button"
    tabIndex={0}
  >
    2
  </span>
  <span
    className="border-center"
    id="three"
    onClick={[Function]}
    onKeyDown={[Function]}
    role="button"
    tabIndex={0}
  >
    3
  </span>
  <span
    className="border-center"
    id="four"
    onClick={[Function]}
    onKeyDown={[Function]}
    role="button"
    tabIndex={0}
  >
    4
  </span>
  <span
    className="border-center"
    id="five"
    onClick={[Function]}
    onKeyDown={[Function]}
    role="button"
    tabIndex={0}
  >
    5
  </span>
  <span
    className="border-center"
    id="six"
    onClick={[Function]}
    onKeyDown={[Function]}
    role="button"
    tabIndex={0}
  >
    6
  </span>
  <span
    className="border-center"
    id="seven"
    onClick={[Function]}
    onKeyDown={[Function]}
    role="button"
    tabIndex={0}
  >
    7
  </span>
  <span
    className="border-center"
    id="eight"
    onClick={[Function]}
    onKeyDown={[Function]}
    role="button"
    tabIndex={0}
  >
    8
  </span>
  <span
    className="border-center"
    id="nine"
    onClick={[Function]}
    onKeyDown={[Function]}
    role="button"
    tabIndex={0}
  >
    9
  </span>
</div>
`;
